[    0.000000] Initializing cgroup subsys cpuset
[    0.000000] Initializing cgroup subsys cpu
[    0.000000] Initializing cgroup subsys cpuacct
[    0.000000] Linux version 4.4.0-146-generic (buildd@lcy01-amd64-025) (gcc version 5.4.0 20160609 (Ubuntu 5.4.0-6ubuntu1~16.04.10) ) #172-Ubuntu SMP Wed Apr 3 09:00:08 UTC 2019 (Ubuntu 4.4.0-146.172-generic 4.4.177)
[    0.000000] Command line: BOOT_IMAGE=/boot/vmlinuz-4.4.0-146-generic root=LABEL=cloudimg-rootfs ro console=tty1 console=ttyS0
[    0.000000] KERNEL supported cpus:
[    0.000000]   Intel GenuineIntel
[    0.000000]   AMD AuthenticAMD
[    0.000000]   Centaur CentaurHauls
[    0.000000] x86/fpu: xstate_offset[2]:  576, xstate_sizes[2]:  256
[    0.000000] x86/fpu: Supporting XSAVE feature 0x01: 'x87 floating point registers'
[    0.000000] x86/fpu: Supporting XSAVE feature 0x02: 'SSE registers'
[    0.000000] x86/fpu: Supporting XSAVE feature 0x04: 'AVX registers'
[    0.000000] x86/fpu: Enabled xstate features 0x7, context size is 832 bytes, using 'standard' format.
[    0.000000] e820: BIOS-provided physical RAM map:
[    0.000000] BIOS-e820: [mem 0x0000000000000000-0x000000000009fbff] usable
[    0.000000] BIOS-e820: [mem 0x000000000009fc00-0x000000000009ffff] reserved
[    0.000000] BIOS-e820: [mem 0x00000000000f0000-0x00000000000fffff] reserved
[    0.000000] BIOS-e820: [mem 0x0000000000100000-0x000000003ffeffff] usable
[    0.000000] BIOS-e820: [mem 0x000000003fff0000-0x000000003fffffff] ACPI data
[    0.000000] BIOS-e820: [mem 0x00000000fec00000-0x00000000fec00fff] reserved
[    0.000000] BIOS-e820: [mem 0x00000000fee00000-0x00000000fee00fff] reserved
[    0.000000] BIOS-e820: [mem 0x00000000fffc0000-0x00000000ffffffff] reserved
[    0.000000] NX (Execute Disable) protection: active
[    0.000000] SMBIOS 2.5 present.
[    0.000000] Hypervisor detected: KVM
[    0.000000] e820: last_pfn = 0x3fff0 max_arch_pfn = 0x400000000
[    0.000000] MTRR: Disabled
[    0.000000] x86/PAT: MTRRs disabled, skipping PAT initialization too.
[    0.000000] CPU MTRRs all blank - virtualized system.
[    0.000000] x86/PAT: Configuration [0-7]: WB  WT  UC- UC  WB  WT  UC- UC  
[    0.000000] found SMP MP-table at [mem 0x0009fff0-0x0009ffff] mapped at [ffff88000009fff0]
[    0.000000] Scanning 1 areas for low memory corruption
[    0.000000] RAMDISK: [mem 0x362fa000-0x37174fff]
[    0.000000] ACPI: Early table checksum verification disabled
[    0.000000] ACPI: RSDP 0x00000000000E0000 000024 (v02 VBOX  )
[    0.000000] ACPI: XSDT 0x000000003FFF0030 00003C (v01 VBOX   VBOXXSDT 00000001 ASL  00000061)
[    0.000000] ACPI: FACP 0x000000003FFF00F0 0000F4 (v04 VBOX   VBOXFACP 00000001 ASL  00000061)
[    0.000000] ACPI: DSDT 0x000000003FFF0470 0022EA (v02 VBOX   VBOXBIOS 00000002 INTL 20100528)
[    0.000000] ACPI: FACS 0x000000003FFF0200 000040
[    0.000000] ACPI: FACS 0x000000003FFF0200 000040
[    0.000000] ACPI: APIC 0x000000003FFF0240 00005C (v02 VBOX   VBOXAPIC 00000001 ASL  00000061)
[    0.000000] ACPI: SSDT 0x000000003FFF02A0 0001CC (v01 VBOX   VBOXCPUT 00000002 INTL 20100528)
[    0.000000] No NUMA configuration found
[    0.000000] Faking a node at [mem 0x0000000000000000-0x000000003ffeffff]
[    0.000000] NODE_DATA(0) allocated [mem 0x3ffeb000-0x3ffeffff]
[    0.000000] kvm-clock: Using msrs 4b564d01 and 4b564d00
[    0.000000] kvm-clock: cpu 0, msr 0:3ffe3001, primary cpu clock
[    0.000000] kvm-clock: using sched offset of 3544953886 cycles
[    0.000000] clocksource: kvm-clock: mask: 0xffffffffffffffff max_cycles: 0x1cd42e4dffb, max_idle_ns: 881590591483 ns
[    0.000000] Zone ranges:
[    0.000000]   DMA      [mem 0x0000000000001000-0x0000000000ffffff]
[    0.000000]   DMA32    [mem 0x0000000001000000-0x000000003ffeffff]
[    0.000000]   Normal   empty
[    0.000000]   Device   empty
[    0.000000] Movable zone start for each node
[    0.000000] Early memory node ranges
[    0.000000]   node   0: [mem 0x0000000000001000-0x000000000009efff]
[    0.000000]   node   0: [mem 0x0000000000100000-0x000000003ffeffff]
[    0.000000] Initmem setup node 0 [mem 0x0000000000001000-0x000000003ffeffff]
[    0.000000] ACPI: PM-Timer IO Port: 0x4008
[    0.000000] IOAPIC[0]: apic_id 2, version 32, address 0xfec00000, GSI 0-23
[    0.000000] ACPI: INT_SRC_OVR (bus 0 bus_irq 0 global_irq 2 dfl dfl)
[    0.000000] ACPI: INT_SRC_OVR (bus 0 bus_irq 9 global_irq 9 low level)
[    0.000000] Using ACPI (MADT) for SMP configuration information
[    0.000000] smpboot: Allowing 2 CPUs, 0 hotplug CPUs
[    0.000000] PM: Registered nosave memory: [mem 0x00000000-0x00000fff]
[    0.000000] PM: Registered nosave memory: [mem 0x0009f000-0x0009ffff]
[    0.000000] PM: Registered nosave memory: [mem 0x000a0000-0x000effff]
[    0.000000] PM: Registered nosave memory: [mem 0x000f0000-0x000fffff]
[    0.000000] e820: [mem 0x40000000-0xfebfffff] available for PCI devices
[    0.000000] Booting paravirtualized kernel on KVM
[    0.000000] clocksource: refined-jiffies: mask: 0xffffffff max_cycles: 0xffffffff, max_idle_ns: 7645519600211568 ns
[    0.000000] setup_percpu: NR_CPUS:512 nr_cpumask_bits:512 nr_cpu_ids:2 nr_node_ids:1
[    0.000000] PERCPU: Embedded 34 pages/cpu @ffff88003fc00000 s99480 r8192 d31592 u1048576
[    0.000000] Built 1 zonelists in Node order, mobility grouping on.  Total pages: 257912
[    0.000000] Policy zone: DMA32
[    0.000000] Kernel command line: BOOT_IMAGE=/boot/vmlinuz-4.4.0-146-generic root=LABEL=cloudimg-rootfs ro console=tty1 console=ttyS0
[    0.000000] PID hash table entries: 4096 (order: 3, 32768 bytes)
[    0.000000] Memory: 997732K/1048120K available (8609K kernel code, 1334K rwdata, 4028K rodata, 1484K init, 1284K bss, 50388K reserved, 0K cma-reserved)
[    0.000000] SLUB: HWalign=64, Order=0-3, MinObjects=0, CPUs=2, Nodes=1
[    0.000000] Kernel/User page tables isolation: enabled
[    0.000000] Hierarchical RCU implementation.
[    0.000000] 	Build-time adjustment of leaf fanout to 64.
[    0.000000] 	RCU restricting CPUs from NR_CPUS=512 to nr_cpu_ids=2.
[    0.000000] RCU: Adjusting geometry for rcu_fanout_leaf=64, nr_cpu_ids=2
[    0.000000] NR_IRQS:33024 nr_irqs:440 16
[    0.000000] Console: colour VGA+ 80x25
[    0.000000] console [tty1] enabled
[    0.000000] console [ttyS0] enabled
[    0.000000] tsc: Detected 2294.690 MHz processor
[    0.150505] Calibrating delay loop (skipped) preset value.. 4589.38 BogoMIPS (lpj=9178760)
[    0.152415] pid_max: default: 32768 minimum: 301
[    0.153447] ACPI: Core revision 20150930
[    0.155382] ACPI: 2 ACPI AML tables successfully acquired and loaded
[    0.156850] Security Framework initialized
[    0.158195] Yama: becoming mindful.
[    0.159296] AppArmor: AppArmor initialized
[    0.160439] Dentry cache hash table entries: 131072 (order: 8, 1048576 bytes)
[    0.162622] Inode-cache hash table entries: 65536 (order: 7, 524288 bytes)
[    0.164066] Mount-cache hash table entries: 2048 (order: 2, 16384 bytes)
[    0.165270] Mountpoint-cache hash table entries: 2048 (order: 2, 16384 bytes)
[    0.166769] Initializing cgroup subsys io
[    0.167678] Initializing cgroup subsys memory
[    0.168605] Initializing cgroup subsys devices
[    0.169510] Initializing cgroup subsys freezer
[    0.170452] Initializing cgroup subsys net_cls
[    0.171574] Initializing cgroup subsys perf_event
[    0.172922] Initializing cgroup subsys net_prio
[    0.174112] Initializing cgroup subsys hugetlb
[    0.175256] Initializing cgroup subsys pids
[    0.177477] mce: CPU supports 0 MCE banks
[    0.178687] Last level iTLB entries: 4KB 64, 2MB 8, 4MB 8
[    0.179739] Last level dTLB entries: 4KB 64, 2MB 0, 4MB 0, 1GB 4
[    0.180832] Spectre V2 : Mitigation: Full generic retpoline
[    0.181826] Spectre V2 : Spectre v2 / SpectreRSB mitigation: Filling RSB on context switch
[    0.183492] Speculative Store Bypass: Vulnerable
[    0.187390] Freeing SMP alternatives memory: 36K
[    0.194194] ftrace: allocating 32287 entries in 127 pages
[    0.257944] smpboot: APIC(0) Converting physical 0 to logical package 0
[    0.259236] smpboot: Max logical packages: 1
[    0.260375] x2apic enabled
[    0.261277] Switched APIC routing to physical x2apic.
[    0.263483] ..TIMER: vector=0x30 apic1=0 pin1=2 apic2=-1 pin2=-1
[    0.370331] smpboot: CPU0: Intel(R) Core(TM) i5-5300U CPU @ 2.30GHz (family: 0x6, model: 0x3d, stepping: 0x4)
[    0.372319] Performance Events: unsupported p6 CPU model 61 no PMU driver, software events only.
[    0.383157] KVM setup paravirtual spinlock
[    0.385049] x86: Booting SMP configuration:
[    0.386024] .... node  #0, CPUs:      #1
[    0.386858] kvm-clock: cpu 1, msr 0:3ffe3041, secondary cpu clock
[    0.388790] mce: CPU supports 0 MCE banks
[    0.391400] x86: Booted up 1 node, 2 CPUs
[    0.392464] smpboot: Total of 2 processors activated (9178.76 BogoMIPS)
[    0.394181] devtmpfs: initialized
[    0.396443] evm: security.selinux
[    0.397282] evm: security.SMACK64
[    0.398134] evm: security.SMACK64EXEC
[    0.398981] evm: security.SMACK64TRANSMUTE
[    0.399908] evm: security.SMACK64MMAP
[    0.400776] evm: security.ima
[    0.401518] evm: security.capability
[    0.402632] clocksource: jiffies: mask: 0xffffffff max_cycles: 0xffffffff, max_idle_ns: 7645041785100000 ns
[    0.404658] futex hash table entries: 512 (order: 3, 32768 bytes)
[    0.406039] pinctrl core: initialized pinctrl subsystem
[    0.407281] RTC time: 13:46:55, date: 05/04/19
[    0.408487] NET: Registered protocol family 16
[    0.418346] cpuidle: using governor ladder
[    0.431595] cpuidle: using governor menu
[    0.432727] PCCT header not found.
[    0.433651] ACPI: bus type PCI registered
[    0.434672] acpiphp: ACPI Hot Plug PCI Controller Driver version: 0.5
[    0.436107] PCI: Using configuration type 1 for base access
[    0.452257] ACPI: Added _OSI(Module Device)
[    0.453350] ACPI: Added _OSI(Processor Device)
[    0.454462] ACPI: Added _OSI(3.0 _SCP Extensions)
[    0.455501] ACPI: Added _OSI(Processor Aggregator Device)
[    0.457321] ACPI: Executed 1 blocks of module-level executable AML code
[    0.460883] ACPI: Interpreter enabled
[    0.461767] ACPI: (supports S0 S5)
[    0.462617] ACPI: Using IOAPIC for interrupt routing
[    0.463814] PCI: Using host bridge windows from ACPI; if necessary, use "pci=nocrs" and report a bug
[    0.469450] ACPI: PCI Root Bridge [PCI0] (domain 0000 [bus 00-ff])
[    0.470729] acpi PNP0A03:00: _OSC: OS supports [ASPM ClockPM Segments MSI]
[    0.472376] acpi PNP0A03:00: _OSC: not requesting OS control; OS requires [ExtendedConfig ASPM ClockPM MSI]
[    0.474468] acpi PNP0A03:00: fail to add MMCONFIG information, can't access extended PCI configuration space under this bridge.
[    0.477388] PCI host bridge to bus 0000:00
[    0.478407] pci_bus 0000:00: root bus resource [io  0x0000-0x0cf7 window]
[    0.479885] pci_bus 0000:00: root bus resource [io  0x0d00-0xffff window]
[    0.481474] pci_bus 0000:00: root bus resource [mem 0x000a0000-0x000bffff window]
[    0.483206] pci_bus 0000:00: root bus resource [mem 0x40000000-0xfdffffff window]
[    0.484887] pci_bus 0000:00: root bus resource [bus 00-ff]
[    0.487687] pci 0000:00:01.1: legacy IDE quirk: reg 0x10: [io  0x01f0-0x01f7]
[    0.489129] pci 0000:00:01.1: legacy IDE quirk: reg 0x14: [io  0x03f6]
[    0.490500] pci 0000:00:01.1: legacy IDE quirk: reg 0x18: [io  0x0170-0x0177]
[    0.492046] pci 0000:00:01.1: legacy IDE quirk: reg 0x1c: [io  0x0376]
[    0.519097] pci 0000:00:07.0: quirk: [io  0x4000-0x403f] claimed by PIIX4 ACPI
[    0.520804] pci 0000:00:07.0: quirk: [io  0x4100-0x410f] claimed by PIIX4 SMB
[    0.547291] ACPI: PCI Interrupt Link [LNKA] (IRQs 5 9 10 *11)
[    0.549229] ACPI: PCI Interrupt Link [LNKB] (IRQs 5 9 *10 11)
[    0.550952] ACPI: PCI Interrupt Link [LNKC] (IRQs 5 *9 10 11)
[    0.552680] ACPI: PCI Interrupt Link [LNKD] (IRQs 5 9 10 *11)
[    0.554435] ACPI: Enabled 2 GPEs in block 00 to 07
[    0.555749] vgaarb: setting as boot device: PCI:0000:00:02.0
[    0.556824] vgaarb: device added: PCI:0000:00:02.0,decodes=io+mem,owns=io+mem,locks=none
[    0.558959] vgaarb: loaded
[    0.559658] vgaarb: bridge control possible 0000:00:02.0
[    0.560942] SCSI subsystem initialized
[    0.561914] ACPI: bus type USB registered
[    0.562760] usbcore: registered new interface driver usbfs
[    0.563908] usbcore: registered new interface driver hub
[    0.564981] usbcore: registered new device driver usb
[    0.566273] PCI: Using ACPI for IRQ routing
[    0.567437] NetLabel: Initializing
[    0.568175] NetLabel:  domain hash size = 128
[    0.569099] NetLabel:  protocols = UNLABELED CIPSOv4
[    0.570873] NetLabel:  unlabeled traffic allowed by default
[    0.572386] amd_nb: Cannot enumerate AMD northbridges
[    0.573546] clocksource: Switched to clocksource kvm-clock
[    0.581356] AppArmor: AppArmor Filesystem Enabled
[    0.582413] pnp: PnP ACPI init
[    0.583847] pnp: PnP ACPI: found 3 devices
[    0.594159] clocksource: acpi_pm: mask: 0xffffff max_cycles: 0xffffff, max_idle_ns: 2085701024 ns
[    0.595832] NET: Registered protocol family 2
[    0.596763] TCP established hash table entries: 8192 (order: 4, 65536 bytes)
[    0.597992] TCP bind hash table entries: 8192 (order: 5, 131072 bytes)
[    0.599130] TCP: Hash tables configured (established 8192 bind 8192)
[    0.600238] UDP hash table entries: 512 (order: 2, 16384 bytes)
[    0.601275] UDP-Lite hash table entries: 512 (order: 2, 16384 bytes)
[    0.602425] NET: Registered protocol family 1
[    0.603274] pci 0000:00:00.0: Limiting direct PCI/PCI transfers
[    0.604582] pci 0000:00:01.0: Activating ISA DMA hang workarounds
[    0.605962] Unpacking initramfs...
[    0.822752] Freeing initrd memory: 14828K
[    0.823915] RAPL PMU detected, API unit is 2^-32 Joules, 4 fixed counters 10737418240 ms ovfl timer
[    0.825861] hw unit of domain pp0-core 2^-0 Joules
[    0.826862] hw unit of domain package 2^-0 Joules
[    0.827854] hw unit of domain dram 2^-0 Joules
[    0.828790] hw unit of domain pp1-gpu 2^-0 Joules
[    0.829902] platform rtc_cmos: registered platform RTC device (no PNP device found)
[    0.831560] Scanning for low memory corruption every 60 seconds
[    0.833132] audit: initializing netlink subsys (disabled)
[    0.834322] audit: type=2000 audit(1556977621.061:1): initialized
[    0.835783] Initialise system trusted keyring
[    0.836956] HugeTLB registered 2 MB page size, pre-allocated 0 pages
[    0.839463] zbud: loaded
[    0.840516] VFS: Disk quotas dquot_6.6.0
[    0.841393] VFS: Dquot-cache hash table entries: 512 (order 0, 4096 bytes)
[    0.843055] squashfs: version 4.0 (2009/01/31) Phillip Lougher
[    0.844517] fuse init (API version 7.23)
[    0.845627] Key type big_key registered
[    0.846505] Allocating IMA MOK and blacklist keyrings.
[    0.848771] Key type asymmetric registered
[    0.849785] Asymmetric key parser 'x509' registered
[    0.850932] Block layer SCSI generic (bsg) driver version 0.4 loaded (major 249)
[    0.852499] io scheduler noop registered
[    0.853277] io scheduler deadline registered (default)
[    0.854301] io scheduler cfq registered
[    0.855178] pci_hotplug: PCI Hot Plug PCI Core version: 0.5
[    0.856192] pciehp: PCI Express Hot Plug Controller Driver version: 0.4
[    0.857456] ACPI: AC Adapter [AC] (on-line)
[    0.858432] input: Power Button as /devices/LNXSYSTM:00/LNXPWRBN:00/input/input0
[    0.859862] ACPI: Power Button [PWRF]
[    0.860687] input: Sleep Button as /devices/LNXSYSTM:00/LNXSLPBN:00/input/input1
[    0.862131] ACPI: Sleep Button [SLPF]
[    0.863120] GHES: HEST is not enabled!
[    0.863882] ACPI: Battery Slot [BAT0] (battery present)
[    0.865053] Serial: 8250/16550 driver, 32 ports, IRQ sharing enabled
[    0.886763] 00:02: ttyS0 at I/O 0x3f8 (irq = 4, base_baud = 115200) is a 16550A
[    0.890712] Linux agpgart interface v0.103
[    0.893641] loop: module loaded
[    0.894907] scsi host0: ata_piix
[    0.895803] scsi host1: ata_piix
[    0.896699] ata1: PATA max UDMA/33 cmd 0x1f0 ctl 0x3f6 bmdma 0xd000 irq 14
[    0.898236] ata2: PATA max UDMA/33 cmd 0x170 ctl 0x376 bmdma 0xd008 irq 15
[    0.899676] libphy: Fixed MDIO Bus: probed
[    0.900603] tun: Universal TUN/TAP device driver, 1.6
[    0.901538] tun: (C) 1999-2004 Max Krasnyansky <maxk@qualcomm.com>
[    0.902770] PPP generic driver version 2.4.2
[    0.903704] ehci_hcd: USB 2.0 'Enhanced' Host Controller (EHCI) Driver
[    0.904833] ehci-pci: EHCI PCI platform driver
[    0.905686] ehci-platform: EHCI generic platform driver
[    0.906710] ohci_hcd: USB 1.1 'Open' Host Controller (OHCI) Driver
[    0.907780] ohci-pci: OHCI PCI platform driver
[    0.908624] ohci-platform: OHCI generic platform driver
[    0.909588] uhci_hcd: USB Universal Host Controller Interface driver
[    0.910775] i8042: PNP: PS/2 Controller [PNP0303:PS2K,PNP0f03:PS2M] at 0x60,0x64 irq 1,12
[    0.912771] serio: i8042 KBD port at 0x60,0x64 irq 1
[    0.913729] serio: i8042 AUX port at 0x60,0x64 irq 12
[    0.915321] mousedev: PS/2 mouse device common for all mice
[    0.916723] input: AT Translated Set 2 keyboard as /devices/platform/i8042/serio0/input/input2
[    0.918806] rtc_cmos rtc_cmos: rtc core: registered rtc_cmos as rtc0
[    0.919949] rtc_cmos rtc_cmos: alarms up to one day, 114 bytes nvram
[    0.921063] i2c /dev entries driver
[    0.921828] device-mapper: uevent: version 1.0.3
[    0.922849] device-mapper: ioctl: 4.34.0-ioctl (2015-10-28) initialised: dm-devel@redhat.com
[    0.924441] ledtrig-cpu: registered to indicate activity on CPUs
[    0.926022] NET: Registered protocol family 10
[    0.927073] NET: Registered protocol family 17
[    0.928068] Key type dns_resolver registered
[    0.929877] registered taskstats version 1
[    0.930867] Loading compiled-in X.509 certificates
[    0.932495] Loaded X.509 cert 'Build time autogenerated kernel key: 4dcb2dc2c7cf43e0c20c44384f68683c20294489'
[    0.934692] zswap: loaded using pool lzo/zbud
[    0.945658] Key type trusted registered
[    0.951049] Key type encrypted registered
[    0.952008] AppArmor: AppArmor sha1 policy hashing enabled
[    0.953193] ima: No TPM chip found, activating TPM-bypass!
[    0.954474] ima: Allocated hash algorithm: sha1
[    0.955503] evm: HMAC attrs: 0x1
[    0.956633]   Magic number: 3:906:785
[    0.957527]   hash matches /build/linux-LvuLLO/linux-4.4.0/drivers/base/power/main.c:1065
[    0.959397] rtc_cmos rtc_cmos: setting system clock to 2019-05-04 13:46:56 UTC (1556977616)
[    0.961112] BIOS EDD facility v0.16 2004-Jun-25, 0 devices found
[    0.962201] EDD information not available.
[    1.057289] Freeing unused kernel memory: 1484K
[    1.060811] Write protecting the kernel read-only data: 14336k
[    1.066997] Freeing unused kernel memory: 1620K
[    1.071023] Freeing unused kernel memory: 68K
Loading, please wait...
starting version 229
[    1.121448] random: systemd-udevd: uninitialized urandom read (16 bytes read, 3 bits of entropy available)
[    1.123271] random: udevadm: uninitialized urandom read (16 bytes read, 3 bits of entropy available)
[    1.123332] random: udevadm: uninitialized urandom read (16 bytes read, 3 bits of entropy available)
[    1.134968] random: systemd-udevd: uninitialized urandom read (16 bytes read, 3 bits of entropy available)
[    1.138215] random: systemd-udevd: uninitialized urandom read (16 bytes read, 3 bits of entropy available)
[    1.139087] random: udevadm: uninitialized urandom read (16 bytes read, 3 bits of entropy available)
[    1.139150] random: udevadm: uninitialized urandom read (16 bytes read, 3 bits of entropy available)
[    1.139341] random: udevadm: uninitialized urandom read (16 bytes read, 3 bits of entropy available)
[    1.139412] random: udevadm: uninitialized urandom read (16 bytes read, 3 bits of entropy available)
[    1.139483] random: udevadm: uninitialized urandom read (16 bytes read, 3 bits of entropy available)
[    1.191830] e1000: Intel(R) PRO/1000 Network Driver - version 7.3.21-k8-NAPI
[    1.193329] e1000: Copyright (c) 1999-2006 Intel Corporation.
[    1.194951] Fusion MPT base driver 3.04.20
[    1.196099] Copyright (c) 1999-2008 LSI Corporation
[    1.202266] Fusion MPT SPI Host driver 3.04.20
[    1.224685] AVX2 version of gcm_enc/dec engaged.
[    1.226221] AES CTR mode by8 optimization enabled
[    1.409667] input: ImExPS/2 Generic Explorer Mouse as /devices/platform/i8042/serio1/input/input4
[    1.582399] e1000 0000:00:03.0 eth0: (PCI:33MHz:32-bit) 02:6d:cd:79:6e:19
[    1.583781] e1000 0000:00:03.0 eth0: Intel(R) PRO/1000 Network Connection
[    1.585875] mptbase: ioc0: Initiating bringup
[    2.136437] tsc: Refined TSC clocksource calibration: 2293.806 MHz
[    2.140716] clocksource: tsc: mask: 0xffffffffffffffff max_cycles: 0x211059e3ae0, max_idle_ns: 440795237508 ns
[    2.179026] ioc0: LSI53C1030 A0: Capabilities={Initiator}
[    2.907487] scsi host2: ioc0: LSI53C1030 A0, FwRev=00000000h, Ports=1, MaxQ=256, IRQ=20
[    3.265160] scsi 2:0:0:0: Direct-Access     VBOX     HARDDISK         1.0  PQ: 0 ANSI: 5
[    3.271727] scsi target2:0:0: Beginning Domain Validation
[    3.282322] scsi target2:0:0: Domain Validation skipping write tests
[    3.286801] scsi target2:0:0: Ending Domain Validation
[    3.289339] scsi target2:0:0: asynchronous
[    3.293384] scsi 2:0:1:0: Direct-Access     VBOX     HARDDISK         1.0  PQ: 0 ANSI: 5
[    3.324080] scsi target2:0:1: Beginning Domain Validation
[    3.327093] scsi target2:0:1: Domain Validation skipping write tests
[    3.328509] scsi target2:0:1: Ending Domain Validation
[    3.329859] scsi target2:0:1: asynchronous
[    3.342476] sd 2:0:0:0: Attached scsi generic sg0 type 0
[    3.343908] sd 2:0:0:0: [sda] 20971520 512-byte logical blocks: (10.7 GB/10.0 GiB)
[    3.346281] sd 2:0:1:0: Attached scsi generic sg1 type 0
[    3.347582] sd 2:0:1:0: [sdb] 20480 512-byte logical blocks: (10.5 MB/10.0 MiB)
[    3.349789] sd 2:0:1:0: [sdb] Write Protect is off
[    3.350970] sd 2:0:0:0: [sda] Write Protect is off
[    3.352295] sd 2:0:1:0: [sdb] Incomplete mode parameter data
[    3.353640] sd 2:0:1:0: [sdb] Assuming drive cache: write through
[    3.356197] sd 2:0:0:0: [sda] Incomplete mode parameter data
[    3.357632] sd 2:0:0:0: [sda] Assuming drive cache: write through
[    3.364157]  sda: sda1
[    3.365950] sd 2:0:0:0: [sda] Attached SCSI disk
[    3.443227] sd 2:0:1:0: [sdb] Attached SCSI disk
[    3.641922] e1000 0000:00:08.0 eth1: (PCI:33MHz:32-bit) 08:00:27:95:1c:a3
[    3.643248] e1000 0000:00:08.0 eth1: Intel(R) PRO/1000 Network Connection
[    3.645738] e1000 0000:00:03.0 enp0s3: renamed from eth0
[    3.658451] e1000 0000:00:08.0 enp0s8: renamed from eth1
Begin: Loading essential drivers ... [    5.049992] md: linear personality registered for level -1
[    5.054093] md: multipath personality registered for level -4
[    5.058171] md: raid0 personality registered for level 0
[    5.063243] md: raid1 personality registered for level 1
[    5.133958] raid6: sse2x1   gen()  8626 MB/s
[    5.202356] raid6: sse2x1   xor()  6552 MB/s
[    5.269794] raid6: sse2x2   gen() 10427 MB/s
[    5.337860] raid6: sse2x2   xor()  7119 MB/s
[    5.405710] raid6: sse2x4   gen() 12401 MB/s
[    5.474177] raid6: sse2x4   xor()  7844 MB/s
[    5.541580] raid6: avx2x1   gen() 16330 MB/s
[    5.610027] raid6: avx2x2   gen() 19359 MB/s
[    5.677565] raid6: avx2x4   gen() 21703 MB/s
[    5.678563] raid6: using algorithm avx2x4 gen() 21703 MB/s
[    5.679744] raid6: using avx2x2 recovery algorithm
[    5.682925] xor: automatically using best checksumming function:
[    5.721991]    avx       : 22583.000 MB/sec
[    5.724272] async_tx: api initialized (async)
[    5.736723] md: raid6 personality registered for level 6
[    5.737806] md: raid5 personality registered for level 5
[    5.738996] md: raid4 personality registered for level 4
[    5.747287] md: raid10 personality registered for level 10
done.
Begin: Running /scripts/init-premount ... done.
Begin: Mounting root file system ... Begin: Running /scripts/local-top ... done.
Begin: Running /scripts/local-premount ... [    5.780727] Btrfs loaded
Scanning for Btrfs filesystems
done.
Warning: fsck not present, so skipping root file system
[    6.007786] EXT4-fs (sda1): mounted filesystem with ordered data mode. Opts: (null)
done.
Begin: Running /scripts/local-bottom ... done.
Begin: Running /scripts/init-bottom ... done.
[    6.505500] systemd[1]: systemd 229 running in system mode. (+PAM +AUDIT +SELINUX +IMA +APPARMOR +SMACK +SYSVINIT +UTMP +LIBCRYPTSETUP +GCRYPT +GNUTLS +ACL +XZ -LZ4 +SECCOMP +BLKID +ELFUTILS +KMOD -IDN)
[    6.518765] systemd[1]: Detected virtualization oracle.
[    6.522285] systemd[1]: Detected architecture x86-64.

Welcome to [1mUbuntu 16.04.6 LTS[0m!

[    6.596321] systemd[1]: Set hostname to <ubuntu-xenial>.
[    6.829975] random: nonblocking pool is initialized
[    7.588480] systemd[1]: Listening on Device-mapper event daemon FIFOs.
[[0;32m  OK  [0m] Listening on Device-mapper event daemon FIFOs.
[    7.596250] systemd[1]: Listening on LVM2 metadata daemon socket.
[[0;32m  OK  [0m] Listening on LVM2 metadata daemon socket.
[    7.604185] systemd[1]: Listening on /dev/initctl Compatibility Named Pipe.
[[0;32m  OK  [0m] Listening on /dev/initctl Compatibility Named Pipe.
[    7.612103] systemd[1]: Listening on Journal Audit Socket.
[[0;32m  OK  [0m] Listening on Journal Audit Socket.
[    7.619965] systemd[1]: Created slice User and Session Slice.
[[0;32m  OK  [0m] Created slice User and Session Slice.
[    7.627050] systemd[1]: Started Trigger resolvconf update for networkd DNS.
[[0;32m  OK  [0m] Started Trigger resolvconf update for networkd DNS.
[    7.636538] systemd[1]: Listening on Syslog Socket.
[[0;32m  OK  [0m] Listening on Syslog Socket.
[    7.642701] systemd[1]: Reached target System Time Synchronized.
[[0;32m  OK  [0m] Reached target System Time Synchronized.
[    7.654865] systemd[1]: Created slice System Slice.
[[0;32m  OK  [0m] Created slice System Slice.
[    7.660838] systemd[1]: Reached target Slices.
[[0;32m  OK  [0m] Reached target Slices.
[    7.667575] systemd[1]: Set up automount Arbitrary Executable File Formats File System Automount Point.
[[0;32m  OK  [0m] Set up automount Arbitrary Executab...ats File System Automount Point.
[    7.677493] systemd[1]: Listening on udev Control Socket.
[[0;32m  OK  [0m] Listening on udev Control Socket.
[    7.684082] systemd[1]: Listening on Journal Socket.
[[0;32m  OK  [0m] Listening on Journal Socket.
[    7.710855] systemd[1]: Starting Load Kernel Modules...
         Starting Load Kernel Modules...
[    7.719198] systemd[1]: Starting Nameserver information manager...
         Starting Nameserver information manager...
[    7.728430] systemd[1]: Mounting POSIX Message Queue File System...
         Mounting POSIX Message Queue File System...
[    7.739053] systemd[1]: Mounting Debug File System...
         Mounting Debug File System...
[    7.747279] systemd[1]: Starting Uncomplicated firewall...
         Starting Uncomplicated firewall...
[    7.755799] systemd[1]: Starting Remount Root and Kernel File Systems...
         Starting Remount Root and Kernel File Systems...
[    7.764182] systemd[1]: Mounting Huge Pages File System...
         Mounting Huge Pages File System...
[    7.767872] systemd[1]: Reached target Swap.
[[0;32m  OK  [0m] Reached target Swap.
[    7.770697] systemd[1]: Reached target User and Group Name Lookups.
[[0;32m  OK  [0m] Reached target User and Group Name Lookups.
[    7.774749] systemd[1]: Listening on LVM2 poll daemon socket.
[[0;32m  OK  [0m] Listening on LVM2 poll daemon socket.
[    7.779625] systemd[1]: Starting Monitoring of LVM2 mirrors, snapshots etc. using dmeventd or progress polling...
         Starting Monitoring of LVM2 mirrors... dmeventd or progress polling...
[    7.794689] systemd[1]: Started Forward Password Requests to Wall Directory Watch.
[[0;32m  OK  [0m] Started Forward Password Requests to Wall Directory Watch.
[    7.797584] systemd[1]: Reached target Encrypted Volumes.
[[0;32m  OK  [0m] Reached target Encrypted Volumes.
[    7.818309] systemd[1]: Starting Create list of required static device nodes for the current kernel...
         Starting Create list of required st... nodes for the current kernel...
[    7.830349] systemd[1]: Listening on Journal Socket (/dev/log).
[[0;32m  OK  [0m] Listening on Journal Socket (/dev/log).
[    7.833247] systemd[1]: Starting Set console keymap...
         Starting Set console keymap...
[    7.835881] systemd[1]: Starting Journal Service...
         Starting Journal Service...
[    7.837645] systemd[1]: Listening on udev Kernel Socket.
[[0;32m  OK  [0m] Listening on udev Kernel Socket.
[    7.884195] systemd[1]: Created slice system-serial\x2dgetty.slice.
[[0;32m  OK  [0m] Created slice system-serial\x2dgetty.slice.
[    7.903625] Loading iSCSI transport class v2.0-870.
[    7.912178] systemd[1]: Started Uncomplicated firewall.
[[0;32m  OK  [0m] Started Uncomplicated firewall.
[    8.021572] systemd[1]: Started Create list of required static device nodes for the current kernel.
[[0;32m  OK  [0m] Started Create list of required sta...ce nodes for the current kernel.
[    8.053453] EXT4-fs (sda1): re-mounted. Opts: (null)
[    8.060303] iscsi: registered transport (tcp)
[    8.061847] systemd[1]: Starting Create Static Device Nodes in /dev...
         Starting Create Static Device Nodes in /dev...
[    8.067637] systemd[1]: Mounted Debug File System.
[[0;32m  OK  [0m] Mounted Debug File System.
[    8.071166] systemd[1]: Mounted POSIX Message Queue File System.
[[0;32m  OK  [0m] Mounted POSIX Message Queue File System.
[    8.075042] systemd[1]: Mounted Huge Pages File System.
[[0;32m  OK  [0m] Mounted Huge Pages File System.
[    8.103739] systemd[1]: Started Remount Root and Kernel File Systems.
[[0;32m  OK  [0m] Started Remount Root and Kernel File Systems.
[    8.120661] systemd[1]: Starting Load/Save Random Seed...
         Starting Load/Save Random Seed...
[    8.133243] systemd[1]: Starting udev Coldplug all Devices...
         Starting udev Coldplug all Devices...
[    8.136440] systemd[1]: Started Journal Service.
[[0;32m  OK  [0m] Started Journal Service.
[[0;32m  OK  [0m] Started Nameserver information manager.
         Starting Flush Journal to Persistent Storage...
[[0;32m  OK  [0m] Started LVM2 metadata daemon.
[[0;32m  OK  [0m] Started Load/Save Random Seed.
[[0;32m  OK  [0m] Started udev Coldplug all Devices.
[    8.375834] systemd-journald[398]: Received request to flush runtime journal from PID 1
[    8.395552] iscsi: registered transport (iser)
[[0;32m  OK  [0m] Started Flush Journal to Persistent Storage.
[[0;32m  OK  [0m] Started Load Kernel Modules.
         Starting Apply Kernel Variables...
         Mounting FUSE Control File System...
[[0;32m  OK  [0m] Mounted FUSE Control File System.
[[0;32m  OK  [0m] Started Set console keymap.
[[0;32m  OK  [0m] Started Create Static Device Nodes in /dev.
[[0;32m  OK  [0m] Started Apply Kernel Variables.
         Starting udev Kernel Device Manager...
[[0;32m  OK  [0m] Started udev Kernel Device Manager.
[[0;32m  OK  [0m] Started Dispatch Password Requests to Console Directory Watch.
[[0;32m  OK  [0m] Started Monitoring of LVM2 mirrors,...ng dmeventd or progress polling.
[[0;32m  OK  [0m] Reached target Local File Systems (Pre).
[[0;32m  OK  [0m] Reached target Local File Systems.
         Starting Tell Plymouth To Write Out Runtime Data...
         Starting Initial cloud-init job (pre-networking)...
         Starting Set console font and keymap...
         Starting LSB: AppArmor initialization...
         Starting Create Volatile Files and Directories...
[[0;32m  OK  [0m] Started Tell Plymouth To Write Out Runtime Data.
[[0;32m  OK  [0m] Found device /dev/ttyS0.
[[0;32m  OK  [0m] Listening on Load/Save RF Kill Switch Status /dev/rfkill Watch.
[[0;32m  OK  [0m] Found device 82540EM Gigabit Ethern...r (PRO/1000 MT Desktop Adapter).
[[0;32m  OK  [0m] Started Create Volatile Files and Directories.
[[0;32m  OK  [0m] Found device 82540EM Gigabit Ethern...r (PRO/1000 MT Desktop Adapter).
         Starting Update UTMP about System Boot/Shutdown...
[[0;32m  OK  [0m] Started Update UTMP about System Boot/Shutdown.
[[0;32m  OK  [0m] Started Set console font and keymap.
[[0;32m  OK  [0m] Created slice system-getty.slice.
[[0;32m  OK  [0m] Started LSB: AppArmor initialization.
[   12.550060] cloud-init[490]: Cloud-init v. 18.5-45-g3554ffe8-0ubuntu1~16.04.1 running 'init-local' at Sat, 04 May 2019 13:47:07 +0000. Up 11.75 seconds.
[[0;32m  OK  [0m] Started Initial cloud-init job (pre-networking).
[[0;32m  OK  [0m] Reached target Network (Pre).
[[0;32m  OK  [0m] Started ifup for enp0s3.
         Starting Raise network interfaces...
[[0;32m  OK  [0m] Started ifup for enp0s8.
[[0;32m  OK  [0m] Started Raise network interfaces.
[[0;32m  OK  [0m] Reached target Network.
         Starting Initial cloud-init job (metadata service crawler)...
[   13.885077] cloud-init[1085]: Cloud-init v. 18.5-45-g3554ffe8-0ubuntu1~16.04.1 running 'init' at Sat, 04 May 2019 13:47:09 +0000. Up 13.30 seconds.
[   13.892197] cloud-init[1085]: ci-info: ++++++++++++++++++++++++++++++++++++++Net device info+++++++++++++++++++++++++++++++++++++++
[   13.899250] cloud-init[1085]: ci-info: +--------+------+-----------------------------+---------------+--------+-------------------+
[   13.908921] cloud-init[1085]: ci-info: | Device |  Up  |           Address           |      Mask     | Scope  |     Hw-Address    |
[   13.911476] cloud-init[1085]: ci-info: +--------+------+-----------------------------+---------------+--------+-------------------+
[   13.914526] cloud-init[1085]: ci-info: | enp0s3 | True |          10.0.2.15          | 255.255.255.0 | global | 02:6d:cd:79:6e:19 |
[   13.917481] cloud-init[1085]: ci-info: | enp0s3 | True |  fe80::6d:cdff:fe79:6e19/64 |       .       |  link  | 02:6d:cd:79:6e:19 |
[   13.920412] cloud-init[1085]: ci-info: | enp0s8 | True |        192.168.33.11        | 255.255.255.0 | global | 08:00:27:95:1c:a3 |
[   13.923341] cloud-init[1085]: ci-info: | enp0s8 | True | fe80::a00:27ff:fe95:1ca3/64 |       .       |  link  | 08:00:27:95:1c:a3 |
[   13.926215] cloud-init[1085]: ci-info: |   lo   | True |          127.0.0.1          |   255.0.0.0   |  host  |         .         |
[   13.929141] cloud-init[1085]: ci-info: |   lo   | True |           ::1/128           |       .       |  host  |         .         |
[   13.932711] cloud-init[1085]: ci-info: +--------+------+-----------------------------+---------------+--------+-------------------+
[   13.940753] cloud-init[1085]: ci-info: ++++++++++++++++++++++++++++Route IPv4 info++++++++++++++++++++++++++++
[   13.942491] cloud-init[1085]: ci-info: +-------+--------------+----------+---------------+-----------+-------+
[   13.944266] cloud-init[1085]: ci-info: | Route | Destination  | Gateway  |    Genmask    | Interface | Flags |
[   13.946202] cloud-init[1085]: ci-info: +-------+--------------+----------+---------------+-----------+-------+
[   13.949101] cloud-init[1085]: ci-info: |   0   |   0.0.0.0    | 10.0.2.2 |    0.0.0.0    |   enp0s3  |   UG  |
[   13.951765] cloud-init[1085]: ci-info: |   1   |   10.0.2.0   | 0.0.0.0  | 255.255.255.0 |   enp0s3  |   U   |
[   13.953843] cloud-init[1085]: ci-info: |   2   | 192.168.33.0 | 0.0.0.0  | 255.255.255.0 |   enp0s8  |   U   |
[   13.956754] cloud-init[1085]: ci-info: +-------+--------------+----------+---------------+-----------+-------+
[   13.958640] cloud-init[1085]: ci-info: +++++++++++++++++++Route IPv6 info+++++++++++++++++++
[   13.960300] cloud-init[1085]: ci-info: +-------+-------------+---------+-----------+-------+
[   13.962078] cloud-init[1085]: ci-info: | Route | Destination | Gateway | Interface | Flags |
[   13.963842] cloud-init[1085]: ci-info: +-------+-------------+---------+-----------+-------+
[   13.965711] cloud-init[1085]: ci-info: |   0   |  fe80::/64  |    ::   |   enp0s8  |   U   |
[   13.968458] cloud-init[1085]: ci-info: |   1   |  fe80::/64  |    ::   |   enp0s3  |   U   |
[   13.970583] cloud-init[1085]: ci-info: |   4   |   ff00::/8  |    ::   |   enp0s8  |   U   |
[   13.973221] cloud-init[1085]: ci-info: |   5   |   ff00::/8  |    ::   |   enp0s3  |   U   |
[   13.976531] cloud-init[1085]: ci-info: +-------+-------------+---------+-----------+-------+
[[0;32m  OK  [0m] Started Initial cloud-init job (metadata service crawler).
[[0;32m  OK  [0m] Reached target Network is Online.
         Starting iSCSI initiator daemon (iscsid)...
[[0;32m  OK  [0m] Reached target System Initialization.
         Starting LXD - unix socket.
         Starting Socket activation for snappy daemon.
[[0;32m  OK  [0m] Started ACPI Events Check.
[[0;32m  OK  [0m] Reached target Paths.
[[0;32m  OK  [0m] Listening on D-Bus System Message Bus Socket.
[[0;32m  OK  [0m] Listening on UUID daemon activation socket.
[[0;32m  OK  [0m] Started Daily Cleanup of Temporary Directories.
[[0;32m  OK  [0m] Started Clean PHP session files every 30 mins.
[[0;32m  OK  [0m] Started Daily apt download activities.
[[0;32m  OK  [0m] Started Daily apt upgrade and clean activities.
[[0;32m  OK  [0m] Reached target Timers.
[[0;32m  OK  [0m] Listening on ACPID Listen Socket.
[[0;32m  OK  [0m] Reached target Cloud-config availability.
[[0;32m  OK  [0m] Listening on LXD - unix socket.
[[0;32m  OK  [0m] Listening on Socket activation for snappy daemon.
[[0;32m  OK  [0m] Started iSCSI initiator daemon (iscsid).
         Starting Login to default iSCSI targets...
[[0;32m  OK  [0m] Reached target Sockets.
[[0;32m  OK  [0m] Reached target Basic System.
         Starting LSB: MD monitoring daemon...
[[0;32m  OK  [0m] Started FUSE filesystem for LXC.
         Starting /etc/rc.local Compatibility...
         Starting LSB: Record successful boot for GRUB...
[[0;32m  OK  [0m] Started D-Bus System Message Bus.
         Starting The PHP 7.1 FastCGI Process Manager...
         Starting Virtualbox guest utils...
         Starting System Logging Service...
         Starting A high performance web server and a reverse proxy server...
[[0;32m  OK  [0m] Started ACPI event daemon.
[[0;32m  OK  [0m] Started Deferred execution scheduler.
         Starting OpenBSD Secure Shell server...
         Starting Accounts Service...
         Starting Login Service...
[[0;32m  OK  [0m] Started Regular background program processing daemon.
         Starting Snappy daemon...
         Starting MySQL Community Server...
         Starting LXD - container startup/shutdown...
[[0;32m  OK  [0m] Started /etc/rc.local Compatibility.
[[0;32m  OK  [0m] Started Login Service.
[[0;32m  OK  [0m] Started Unattended Upgrades Shutdown.
[[0;32m  OK  [0m] Started Login to default iSCSI targets.
[[0;32m  OK  [0m] Reached target Remote File Systems (Pre).
[[0;32m  OK  [0m] Reached target Remote File Systems.
         Starting Permit User Sessions...
         Starting LSB: Set the CPU Frequency Scaling governor to "ondemand"...
         Starting LSB: automatic crash report generation...
         Starting LSB: daemon to balance interrupts for SMP systems...
[[0;32m  OK  [0m] Started LSB: Set the CPU Frequency Scaling governor to "ondemand".
[[0;32m  OK  [0m] Started Permit User Sessions.
         Starting Hold until boot process finishes up...
         Starting Terminate Plymouth Boot Screen...
[[0;32m  OK  [0m] Started Hold until boot process finishes up.
[[0;32m  OK  [0m] Started Getty on tty1.
[[0;32m  OK  [0m] Started Serial Getty on ttyS0.
[[0;32m  OK  [0m] Reached target Login Prompts.
         Starting Set console scheme...
[[0;32m  OK  [0m] Started Terminate Plymouth Boot Screen.
[[0;32m  OK  [0m] Started LSB: MD monitoring daemon.
[[0;32m  OK  [0m] Started System Logging Service.
[[0;32m  OK  [0m] Started Set console scheme.
[[0;32m  OK  [0m] Started LSB: daemon to balance interrupts for SMP systems.
[[0;32m  OK  [0m] Started LSB: Record successful boot for GRUB.
[[0;32m  OK  [0m] Started OpenBSD Secure Shell server.
[[0;32m  OK  [0m] Started LSB: automatic crash report generation.
         Starting Authenticate and Authorize Users to Run Privileged Tasks...
[[0;32m  OK  [0m] Started A high performance web server and a reverse proxy server.
[[0;32m  OK  [0m] Started Authenticate and Authorize Users to Run Privileged Tasks.
[[0;32m  OK  [0m] Started LXD - container startup/shutdown.
[[0;32m  OK  [0m] Started Accounts Service.
[[0;32m  OK  [0m] Started Virtualbox guest utils.
[[0;32m  OK  [0m] Started Snappy daemon.
         Starting Wait until snapd is fully seeded...
[[0;32m  OK  [0m] Started Wait until snapd is fully seeded.
         Starting Apply the settings specified in cloud-config...
[[0;32m  OK  [0m] Started The PHP 7.1 FastCGI Process Manager.
[   18.947627] cloud-init[1369]: Cloud-init v. 18.5-45-g3554ffe8-0ubuntu1~16.04.1 running 'modules:config' at Sat, 04 May 2019 13:47:14 +0000. Up 18.52 seconds.
[[0;32m  OK  [0m] Started Apply the settings specified in cloud-config.

Ubuntu 16.04.6 LTS ubuntu-xenial ttyS0

ubuntu-xenial login: [   21.646083] cloud-init[1422]: Cloud-init v. 18.5-45-g3554ffe8-0ubuntu1~16.04.1 running 'modules:final' at Sat, 04 May 2019 13:47:17 +0000. Up 21.42 seconds.
[   21.648239] cloud-init[1422]: Cloud-init v. 18.5-45-g3554ffe8-0ubuntu1~16.04.1 finished at Sat, 04 May 2019 13:47:17 +0000. Datasource DataSourceNoCloud [seed=/dev/sdb][dsmode=net].  Up 21.62 seconds
